F
T
J
NIL
R
R
T
PL
6
6
SUM
15
LIKECAR
1
RUN
SUN
0
