T
NIL
NIL
NIL
NIL
T
NIL
T
NIL
T
NIL
NIL
T
T
NIL
T
NIL
